{
  "version": "1.5.0",
  "plugins_used": [
    {
      "name": "ArtifactoryDetector"
    },
    {
      "name": "AWSKeyDetector"
    },
    {
      "name": "AzureStorageKeyDetector"
    },
    {
      "name": "Base64HighEntropyString",
      "limit": 4.5
    },
    {
      "name": "BasicAuthDetector"
    },
    {
      "name": "CloudantDetector"
    },
    {
      "name": "DiscordBotTokenDetector"
    },
    {
      "name": "GitHubTokenDetector"
    },
    {
      "name": "GitLabTokenDetector"
    },
    {
      "name": "HexHighEntropyString",
      "limit": 3.0
    },
    {
      "name": "IbmCloudIamDetector"
    },
    {
      "name": "IbmCosHmacDetector"
    },
    {
      "name": "IPPublicDetector"
    },
    {
      "name": "JwtTokenDetector"
    },
    {
      "name": "KeywordDetector",
      "keyword_exclude": ""
    },
    {
      "name": "MailchimpDetector"
    },
    {
      "name": "NpmDetector"
    },
    {
      "name": "OpenAIDetector"
    },
    {
      "name": "PrivateKeyDetector"
    },
    {
      "name": "PypiTokenDetector"
    },
    {
      "name": "SendGridDetector"
    },
    {
      "name": "SlackDetector"
    },
    {
      "name": "SoftlayerDetector"
    },
    {
      "name": "SquareOAuthDetector"
    },
    {
      "name": "StripeDetector"
    },
    {
      "name": "TelegramBotTokenDetector"
    },
    {
      "name": "TwilioKeyDetector"
    }
  ],
  "filters_used": [
    {
      "path": "detect_secrets.filters.allowlist.is_line_allowlisted"
    },
    {
      "path": "detect_secrets.filters.common.is_baseline_file",
      "filename": ".secrets.baseline"
    },
    {
      "path": "detect_secrets.filters.common.is_ignored_due_to_verification_policies",
      "min_level": 2
    },
    {
      "path": "detect_secrets.filters.heuristic.is_indirect_reference"
    },
    {
      "path": "detect_secrets.filters.heuristic.is_likely_id_string"
    },
    {
      "path": "detect_secrets.filters.heuristic.is_lock_file"
    },
    {
      "path": "detect_secrets.filters.heuristic.is_not_alphanumeric_string"
    },
    {
      "path": "detect_secrets.filters.heuristic.is_potential_uuid"
    },
    {
      "path": "detect_secrets.filters.heuristic.is_prefixed_with_dollar_sign"
    },
    {
      "path": "detect_secrets.filters.heuristic.is_sequential_string"
    },
    {
      "path": "detect_secrets.filters.heuristic.is_swagger_file"
    },
    {
      "path": "detect_secrets.filters.heuristic.is_templated_secret"
    },
    {
      "path": "detect_secrets.filters.regex.should_exclude_file",
      "pattern": [
        "package-lock\\.json|uv\\.lock|requirements-frozen\\.txt|\\.git/|\\.tsbuildinfo|\\.secrets\\.baseline"
      ]
    }
  ],
  "results": {
    ".env.example": [
      {
        "type": "Basic Auth Credentials",
        "filename": ".env.example",
        "hashed_secret": "5bac78f7447878bb74fd05b0212a5d7c5d259ed7",
        "is_verified": false,
        "line_number": 41
      }
    ],
    ".github/workflows/ci.yml": [
      {
        "type": "Secret Keyword",
        "filename": ".github/workflows/ci.yml",
        "hashed_secret": "5bac78f7447878bb74fd05b0212a5d7c5d259ed7",
        "is_verified": false,
        "line_number": 296
      },
      {
        "type": "Basic Auth Credentials",
        "filename": ".github/workflows/ci.yml",
        "hashed_secret": "5bac78f7447878bb74fd05b0212a5d7c5d259ed7",
        "is_verified": false,
        "line_number": 307
      }
    ],
    ".github/workflows/python-ci.yml": [
      {
        "type": "Secret Keyword",
        "filename": ".github/workflows/python-ci.yml",
        "hashed_secret": "5bac78f7447878bb74fd05b0212a5d7c5d259ed7",
        "is_verified": false,
        "line_number": 84
      },
      {
        "type": "Basic Auth Credentials",
        "filename": ".github/workflows/python-ci.yml",
        "hashed_secret": "5bac78f7447878bb74fd05b0212a5d7c5d259ed7",
        "is_verified": false,
        "line_number": 110
      },
      {
        "type": "Secret Keyword",
        "filename": ".github/workflows/python-ci.yml",
        "hashed_secret": "0a12efd01c5a8af667a259954508569c5e5ab227",
        "is_verified": false,
        "line_number": 111
      }
    ],
    ".vscode/tasks.json": [
      {
        "type": "Basic Auth Credentials",
        "filename": ".vscode/tasks.json",
        "hashed_secret": "5bac78f7447878bb74fd05b0212a5d7c5d259ed7",
        "is_verified": false,
        "line_number": 47
      }
    ],
    "CONFIGURATION.md": [
      {
        "type": "Basic Auth Credentials",
        "filename": "CONFIGURATION.md",
        "hashed_secret": "5bac78f7447878bb74fd05b0212a5d7c5d259ed7",
        "is_verified": false,
        "line_number": 85
      }
    ],
    "OPERATIONS.md": [
      {
        "type": "Secret Keyword",
        "filename": "OPERATIONS.md",
        "hashed_secret": "ec3810e10fb78db55ce38b9c18d1c3eb1db739e0",
        "is_verified": false,
        "line_number": 267
      },
      {
        "type": "Basic Auth Credentials",
        "filename": "OPERATIONS.md",
        "hashed_secret": "5bac78f7447878bb74fd05b0212a5d7c5d259ed7",
        "is_verified": false,
        "line_number": 291
      }
    ],
    "app/api/routes/usecases.py": [
      {
        "type": "Secret Keyword",
        "filename": "app/api/routes/usecases.py",
        "hashed_secret": "1e5535977b467945da00c996c57602b542f7bb92",
        "is_verified": false,
        "line_number": 460
      }
    ],
    "app/frontend/src/app/api/studio/release-promotions/route.ts": [
      {
        "type": "Secret Keyword",
        "filename": "app/frontend/src/app/api/studio/release-promotions/route.ts",
        "hashed_secret": "ecb252044b5ea0f679ee78ec1a12904739e2904d",
        "is_verified": false,
        "line_number": 39
      }
    ],
    "app/frontend/src/lib/runtime-llm.ts": [
      {
        "type": "Secret Keyword",
        "filename": "app/frontend/src/lib/runtime-llm.ts",
        "hashed_secret": "99c3dea60f7feb45a7c41a2f265db96df310a633",
        "is_verified": false,
        "line_number": 12
      }
    ],
    "certior/_lean_fingerprint.py": [
      {
        "type": "Hex High Entropy String",
        "filename": "certior/_lean_fingerprint.py",
        "hashed_secret": "6009c1540792ca6975fdc0298c5aca92b2fa40d3",
        "is_verified": false,
        "line_number": 20
      }
    ],
    "docker-compose.yml": [
      {
        "type": "Secret Keyword",
        "filename": "docker-compose.yml",
        "hashed_secret": "5bac78f7447878bb74fd05b0212a5d7c5d259ed7",
        "is_verified": false,
        "line_number": 70
      }
    ],
    "docs/api/authentication.md": [
      {
        "type": "Secret Keyword",
        "filename": "docs/api/authentication.md",
        "hashed_secret": "6c49ebeb3c8d73e0e13ba05fb8d6f7c709858418",
        "is_verified": false,
        "line_number": 30
      },
      {
        "type": "Secret Keyword",
        "filename": "docs/api/authentication.md",
        "hashed_secret": "28991a1f6a189b16e1cc7e6c7a03c84d12d15869",
        "is_verified": false,
        "line_number": 60
      }
    ],
    "docs/concepts/certificates.md": [
      {
        "type": "Hex High Entropy String",
        "filename": "docs/concepts/certificates.md",
        "hashed_secret": "6009c1540792ca6975fdc0298c5aca92b2fa40d3",
        "is_verified": false,
        "line_number": 53
      }
    ],
    "docs/openclaw-defenses.md": [
      {
        "type": "Hex High Entropy String",
        "filename": "docs/openclaw-defenses.md",
        "hashed_secret": "6009c1540792ca6975fdc0298c5aca92b2fa40d3",
        "is_verified": false,
        "line_number": 197
      }
    ],
    "tests/test_api/test_api.py": [
      {
        "type": "Secret Keyword",
        "filename": "tests/test_api/test_api.py",
        "hashed_secret": "aa5256be4608ac09575f760230bb729bd944deef",
        "is_verified": false,
        "line_number": 246
      }
    ],
    "tests/test_api/test_auth.py": [
      {
        "type": "Secret Keyword",
        "filename": "tests/test_api/test_auth.py",
        "hashed_secret": "cbfdac6008f9cab4083784cbd1874f76618d2a97",
        "is_verified": false,
        "line_number": 96
      },
      {
        "type": "Secret Keyword",
        "filename": "tests/test_api/test_auth.py",
        "hashed_secret": "a0f4ea7d91495df92bbac2e2149dfb850fe81396",
        "is_verified": false,
        "line_number": 224
      },
      {
        "type": "Secret Keyword",
        "filename": "tests/test_api/test_auth.py",
        "hashed_secret": "8a29aaf5687129c1d27b90578fc33ecc49d069dc",
        "is_verified": false,
        "line_number": 292
      }
    ],
    "tests/test_cloud/test_executor_service.py": [
      {
        "type": "Secret Keyword",
        "filename": "tests/test_cloud/test_executor_service.py",
        "hashed_secret": "69dba6dfc0be932d10cdbfaae770c300cd7e0e3c",
        "is_verified": false,
        "line_number": 205
      }
    ],
    "tests/test_d1_integration.py": [
      {
        "type": "Secret Keyword",
        "filename": "tests/test_d1_integration.py",
        "hashed_secret": "cbfdac6008f9cab4083784cbd1874f76618d2a97",
        "is_verified": false,
        "line_number": 133
      }
    ],
    "tests/test_flow/test_ifc_enforcer.py": [
      {
        "type": "AWS Access Key",
        "filename": "tests/test_flow/test_ifc_enforcer.py",
        "hashed_secret": "25910f981e85ca04baf359199dd0bd4a3ae738b6",
        "is_verified": false,
        "line_number": 779
      },
      {
        "type": "Secret Keyword",
        "filename": "tests/test_flow/test_ifc_enforcer.py",
        "hashed_secret": "fcf0d7a06aa56babb46f4c41c8ede230d0d255a0",
        "is_verified": false,
        "line_number": 779
      }
    ],
    "tests/test_integration/test_agentic_pipeline.py": [
      {
        "type": "Secret Keyword",
        "filename": "tests/test_integration/test_agentic_pipeline.py",
        "hashed_secret": "69dba6dfc0be932d10cdbfaae770c300cd7e0e3c",
        "is_verified": false,
        "line_number": 205
      }
    ],
    "tests/test_integrations.py": [
      {
        "type": "Basic Auth Credentials",
        "filename": "tests/test_integrations.py",
        "hashed_secret": "5bac78f7447878bb74fd05b0212a5d7c5d259ed7",
        "is_verified": false,
        "line_number": 3
      }
    ],
    "tests/test_llm/test_agentic.py": [
      {
        "type": "Secret Keyword",
        "filename": "tests/test_llm/test_agentic.py",
        "hashed_secret": "a94a8fe5ccb19ba61c4c0873d391e987982fbbd3",
        "is_verified": false,
        "line_number": 108
      }
    ],
    "tests/test_llm/test_multi_provider.py": [
      {
        "type": "Secret Keyword",
        "filename": "tests/test_llm/test_multi_provider.py",
        "hashed_secret": "bb3be8e9392f90cd6fdd90f9ffc3cc40e2d6b670",
        "is_verified": false,
        "line_number": 39
      },
      {
        "type": "Secret Keyword",
        "filename": "tests/test_llm/test_multi_provider.py",
        "hashed_secret": "e5dfbf35f82093b6f7b57b7e4b0288453c0c857e",
        "is_verified": false,
        "line_number": 49
      },
      {
        "type": "Secret Keyword",
        "filename": "tests/test_llm/test_multi_provider.py",
        "hashed_secret": "fe72967536aedcae9b1b1e4eaf2c53494e17a638",
        "is_verified": false,
        "line_number": 80
      }
    ],
    "tests/test_multi_provider.py": [
      {
        "type": "Secret Keyword",
        "filename": "tests/test_multi_provider.py",
        "hashed_secret": "fd9a45bc0b07706d849cf85021ecf9123fa83d82",
        "is_verified": false,
        "line_number": 27
      },
      {
        "type": "Secret Keyword",
        "filename": "tests/test_multi_provider.py",
        "hashed_secret": "65547299f940eca3dc839f3eac85e8a78a6deb05",
        "is_verified": false,
        "line_number": 35
      },
      {
        "type": "Secret Keyword",
        "filename": "tests/test_multi_provider.py",
        "hashed_secret": "bb3be8e9392f90cd6fdd90f9ffc3cc40e2d6b670",
        "is_verified": false,
        "line_number": 50
      },
      {
        "type": "Secret Keyword",
        "filename": "tests/test_multi_provider.py",
        "hashed_secret": "e5dfbf35f82093b6f7b57b7e4b0288453c0c857e",
        "is_verified": false,
        "line_number": 51
      },
      {
        "type": "Secret Keyword",
        "filename": "tests/test_multi_provider.py",
        "hashed_secret": "284410cbb96d13f9217c2f00c7dfb3fb7cbde1d5",
        "is_verified": false,
        "line_number": 311
      },
      {
        "type": "Secret Keyword",
        "filename": "tests/test_multi_provider.py",
        "hashed_secret": "ca1781e4c2bfd0cf5695c44e650db5b1cb6c177c",
        "is_verified": false,
        "line_number": 312
      }
    ],
    "tests/test_safety/test_secrets.py": [
      {
        "type": "Secret Keyword",
        "filename": "tests/test_safety/test_secrets.py",
        "hashed_secret": "27bd1896e4887385e3aee08047e7966594731957",
        "is_verified": false,
        "line_number": 11
      },
      {
        "type": "Secret Keyword",
        "filename": "tests/test_safety/test_secrets.py",
        "hashed_secret": "c267b646441a206d44803d8cb20896c4a166cac2",
        "is_verified": false,
        "line_number": 16
      },
      {
        "type": "Secret Keyword",
        "filename": "tests/test_safety/test_secrets.py",
        "hashed_secret": "65203b821e0a4236840a0e7700ff5eff19a487e6",
        "is_verified": false,
        "line_number": 21
      },
      {
        "type": "Secret Keyword",
        "filename": "tests/test_safety/test_secrets.py",
        "hashed_secret": "e09718150b93ebc2f4e33cba41ff13ec23cd9bd5",
        "is_verified": false,
        "line_number": 26
      }
    ],
    "tests/test_safety/test_tool_io_scanner.py": [
      {
        "type": "AWS Access Key",
        "filename": "tests/test_safety/test_tool_io_scanner.py",
        "hashed_secret": "25910f981e85ca04baf359199dd0bd4a3ae738b6",
        "is_verified": false,
        "line_number": 175
      }
    ],
    "tests/test_verification_graph/test_cli.py": [
      {
        "type": "Basic Auth Credentials",
        "filename": "tests/test_verification_graph/test_cli.py",
        "hashed_secret": "5bac78f7447878bb74fd05b0212a5d7c5d259ed7",
        "is_verified": false,
        "line_number": 16
      },
      {
        "type": "Hex High Entropy String",
        "filename": "tests/test_verification_graph/test_cli.py",
        "hashed_secret": "d5662d7353c6257f68cab2a3b0f758cc79b1ac5e",
        "is_verified": false,
        "line_number": 58
      }
    ]
  },
  "generated_at": "2026-06-11T18:53:04Z"
}
