{
  "version": "1.5.0",
  "plugins_used": [
    {
      "name": "ArtifactoryDetector"
    },
    {
      "name": "AWSKeyDetector"
    },
    {
      "name": "AzureStorageKeyDetector"
    },
    {
      "name": "Base64HighEntropyString",
      "limit": 4.5
    },
    {
      "name": "BasicAuthDetector"
    },
    {
      "name": "CloudantDetector"
    },
    {
      "name": "DiscordBotTokenDetector"
    },
    {
      "name": "GitHubTokenDetector"
    },
    {
      "name": "GitLabTokenDetector"
    },
    {
      "name": "HexHighEntropyString",
      "limit": 3.0
    },
    {
      "name": "IbmCloudIamDetector"
    },
    {
      "name": "IbmCosHmacDetector"
    },
    {
      "name": "IPPublicDetector"
    },
    {
      "name": "JwtTokenDetector"
    },
    {
      "name": "KeywordDetector",
      "keyword_exclude": ""
    },
    {
      "name": "MailchimpDetector"
    },
    {
      "name": "NpmDetector"
    },
    {
      "name": "OpenAIDetector"
    },
    {
      "name": "PrivateKeyDetector"
    },
    {
      "name": "PypiTokenDetector"
    },
    {
      "name": "SendGridDetector"
    },
    {
      "name": "SlackDetector"
    },
    {
      "name": "SoftlayerDetector"
    },
    {
      "name": "SquareOAuthDetector"
    },
    {
      "name": "StripeDetector"
    },
    {
      "name": "TelegramBotTokenDetector"
    },
    {
      "name": "TwilioKeyDetector"
    }
  ],
  "filters_used": [
    {
      "path": "detect_secrets.filters.allowlist.is_line_allowlisted"
    },
    {
      "path": "detect_secrets.filters.common.is_baseline_file",
      "filename": ".secrets.baseline"
    },
    {
      "path": "detect_secrets.filters.common.is_ignored_due_to_verification_policies",
      "min_level": 2
    },
    {
      "path": "detect_secrets.filters.heuristic.is_indirect_reference"
    },
    {
      "path": "detect_secrets.filters.heuristic.is_likely_id_string"
    },
    {
      "path": "detect_secrets.filters.heuristic.is_lock_file"
    },
    {
      "path": "detect_secrets.filters.heuristic.is_not_alphanumeric_string"
    },
    {
      "path": "detect_secrets.filters.heuristic.is_potential_uuid"
    },
    {
      "path": "detect_secrets.filters.heuristic.is_prefixed_with_dollar_sign"
    },
    {
      "path": "detect_secrets.filters.heuristic.is_sequential_string"
    },
    {
      "path": "detect_secrets.filters.heuristic.is_swagger_file"
    },
    {
      "path": "detect_secrets.filters.heuristic.is_templated_secret"
    },
    {
      "path": "detect_secrets.filters.regex.should_exclude_file",
      "pattern": [
        "package-lock\\.json|uv\\.lock|requirements-frozen\\.txt|\\.git/|\\.tsbuildinfo|\\.secrets\\.baseline"
      ]
    }
  ],
  "results": {
    ".env.example": [
      {
        "type": "Basic Auth Credentials",
        "filename": ".env.example",
        "hashed_secret": "5bac78f7447878bb74fd05b0212a5d7c5d259ed7",
        "is_verified": false,
        "line_number": 41
      }
    ],
    ".github/workflows/ci.yml": [
      {
        "type": "Secret Keyword",
        "filename": ".github/workflows/ci.yml",
        "hashed_secret": "5bac78f7447878bb74fd05b0212a5d7c5d259ed7",
        "is_verified": false,
        "line_number": 296
      },
      {
        "type": "Basic Auth Credentials",
        "filename": ".github/workflows/ci.yml",
        "hashed_secret": "5bac78f7447878bb74fd05b0212a5d7c5d259ed7",
        "is_verified": false,
        "line_number": 307
      }
    ],
    ".github/workflows/python-ci.yml": [
      {
        "type": "Secret Keyword",
        "filename": ".github/workflows/python-ci.yml",
        "hashed_secret": "5bac78f7447878bb74fd05b0212a5d7c5d259ed7",
        "is_verified": false,
        "line_number": 84
      },
      {
        "type": "Basic Auth Credentials",
        "filename": ".github/workflows/python-ci.yml",
        "hashed_secret": "5bac78f7447878bb74fd05b0212a5d7c5d259ed7",
        "is_verified": false,
        "line_number": 110
      },
      {
        "type": "Secret Keyword",
        "filename": ".github/workflows/python-ci.yml",
        "hashed_secret": "0a12efd01c5a8af667a259954508569c5e5ab227",
        "is_verified": false,
        "line_number": 111
      }
    ],
    ".vscode/tasks.json": [
      {
        "type": "Basic Auth Credentials",
        "filename": ".vscode/tasks.json",
        "hashed_secret": "5bac78f7447878bb74fd05b0212a5d7c5d259ed7",
        "is_verified": false,
        "line_number": 47
      }
    ],
    "CONFIGURATION.md": [
      {
        "type": "Basic Auth Credentials",
        "filename": "CONFIGURATION.md",
        "hashed_secret": "5bac78f7447878bb74fd05b0212a5d7c5d259ed7",
        "is_verified": false,
        "line_number": 85
      }
    ],
    "OPERATIONS.md": [
      {
        "type": "Secret Keyword",
        "filename": "OPERATIONS.md",
        "hashed_secret": "ec3810e10fb78db55ce38b9c18d1c3eb1db739e0",
        "is_verified": false,
        "line_number": 267
      },
      {
        "type": "Basic Auth Credentials",
        "filename": "OPERATIONS.md",
        "hashed_secret": "5bac78f7447878bb74fd05b0212a5d7c5d259ed7",
        "is_verified": false,
        "line_number": 291
      }
    ],
    "app/api/routes/usecases.py": [
      {
        "type": "Secret Keyword",
        "filename": "app/api/routes/usecases.py",
        "hashed_secret": "1e5535977b467945da00c996c57602b542f7bb92",
        "is_verified": false,
        "line_number": 460
      }
    ],
    "app/frontend/src/app/api/studio/release-promotions/route.ts": [
      {
        "type": "Secret Keyword",
        "filename": "app/frontend/src/app/api/studio/release-promotions/route.ts",
        "hashed_secret": "ecb252044b5ea0f679ee78ec1a12904739e2904d",
        "is_verified": false,
        "line_number": 39
      }
    ],
    "app/frontend/src/lib/runtime-llm.ts": [
      {
        "type": "Secret Keyword",
        "filename": "app/frontend/src/lib/runtime-llm.ts",
        "hashed_secret": "99c3dea60f7feb45a7c41a2f265db96df310a633",
        "is_verified": false,
        "line_number": 12
      }
    ],
    "certior/_lean_fingerprint.py": [
      {
        "type": "Hex High Entropy String",
        "filename": "certior/_lean_fingerprint.py",
        "hashed_secret": "6009c1540792ca6975fdc0298c5aca92b2fa40d3",
        "is_verified": false,
        "line_number": 20
      }
    ],
    "demos/live/cassettes/delegation.json": [
      {
        "type": "Hex High Entropy String",
        "filename": "demos/live/cassettes/delegation.json",
        "hashed_secret": "4a1233a36cf00a7ed7eec30c4461e09539588d15",
        "is_verified": false,
        "line_number": 3
      },
      {
        "type": "Base64 High Entropy String",
        "filename": "demos/live/cassettes/delegation.json",
        "hashed_secret": "71282f8126148314136a47317d1f8fe62b330f2b",
        "is_verified": false,
        "line_number": 5
      },
      {
        "type": "Hex High Entropy String",
        "filename": "demos/live/cassettes/delegation.json",
        "hashed_secret": "b6d4dd14f6de0e4125879e5ada2b16695052bd28",
        "is_verified": false,
        "line_number": 45
      },
      {
        "type": "Base64 High Entropy String",
        "filename": "demos/live/cassettes/delegation.json",
        "hashed_secret": "db3263844ed860f457d3fc3aa76be11128d3dc45",
        "is_verified": false,
        "line_number": 47
      },
      {
        "type": "Hex High Entropy String",
        "filename": "demos/live/cassettes/delegation.json",
        "hashed_secret": "3068bc291b33db5ef39c73dd0db496d5403afdfb",
        "is_verified": false,
        "line_number": 87
      },
      {
        "type": "Base64 High Entropy String",
        "filename": "demos/live/cassettes/delegation.json",
        "hashed_secret": "4a1edfd06702f1845a060d2365e003ecf18a4f3d",
        "is_verified": false,
        "line_number": 89
      },
      {
        "type": "Hex High Entropy String",
        "filename": "demos/live/cassettes/delegation.json",
        "hashed_secret": "6e375e3bdb8289bce317e56f51dcad58d21f663e",
        "is_verified": false,
        "line_number": 129
      },
      {
        "type": "Base64 High Entropy String",
        "filename": "demos/live/cassettes/delegation.json",
        "hashed_secret": "30ae2cfa239d2a20f61f4291b6132be8ecf83f7b",
        "is_verified": false,
        "line_number": 131
      },
      {
        "type": "Hex High Entropy String",
        "filename": "demos/live/cassettes/delegation.json",
        "hashed_secret": "e954c98ecd50447ea8c897d12d175fa5c78c9ebe",
        "is_verified": false,
        "line_number": 171
      },
      {
        "type": "Base64 High Entropy String",
        "filename": "demos/live/cassettes/delegation.json",
        "hashed_secret": "38c43b6b879e0f455c687850df6cddf4614d7be1",
        "is_verified": false,
        "line_number": 215
      },
      {
        "type": "Hex High Entropy String",
        "filename": "demos/live/cassettes/delegation.json",
        "hashed_secret": "9dd7f49df1e0ef51a13a059baba4f9d343cedd01",
        "is_verified": false,
        "line_number": 255
      },
      {
        "type": "Base64 High Entropy String",
        "filename": "demos/live/cassettes/delegation.json",
        "hashed_secret": "9addd5cb84ecfde9af85917f538f56f7b98ced74",
        "is_verified": false,
        "line_number": 257
      },
      {
        "type": "Hex High Entropy String",
        "filename": "demos/live/cassettes/delegation.json",
        "hashed_secret": "d0ad8d18931bf9e802ace6c3f3bc8b623e58353f",
        "is_verified": false,
        "line_number": 297
      },
      {
        "type": "Base64 High Entropy String",
        "filename": "demos/live/cassettes/delegation.json",
        "hashed_secret": "62851b3a7faf196291a8958c5fd394ddad63c82c",
        "is_verified": false,
        "line_number": 299
      },
      {
        "type": "Base64 High Entropy String",
        "filename": "demos/live/cassettes/delegation.json",
        "hashed_secret": "3234bdbc337f269e3eaadc21bedc07508fe8b436",
        "is_verified": false,
        "line_number": 341
      },
      {
        "type": "Hex High Entropy String",
        "filename": "demos/live/cassettes/delegation.json",
        "hashed_secret": "75418315fd8633400714d63d2940a7f6187fa47f",
        "is_verified": false,
        "line_number": 381
      },
      {
        "type": "Base64 High Entropy String",
        "filename": "demos/live/cassettes/delegation.json",
        "hashed_secret": "c1894e088a3ddc08ff134530256126ab8008800a",
        "is_verified": false,
        "line_number": 383
      }
    ],
    "demos/live/cassettes/exfiltration.json": [
      {
        "type": "Base64 High Entropy String",
        "filename": "demos/live/cassettes/exfiltration.json",
        "hashed_secret": "f31f660741f0bc583093f9905f126f2519e86456",
        "is_verified": false,
        "line_number": 46
      },
      {
        "type": "Base64 High Entropy String",
        "filename": "demos/live/cassettes/exfiltration.json",
        "hashed_secret": "f582d2e44f18a99e38fa896b8562253ccd52c3e8",
        "is_verified": false,
        "line_number": 151
      },
      {
        "type": "Base64 High Entropy String",
        "filename": "demos/live/cassettes/exfiltration.json",
        "hashed_secret": "f2d2a4a0b88f4112163f85052fb5ed5d4729854f",
        "is_verified": false,
        "line_number": 348
      },
      {
        "type": "Base64 High Entropy String",
        "filename": "demos/live/cassettes/exfiltration.json",
        "hashed_secret": "e689133bf87212d4c93852d7f9318c46bbf58fe7",
        "is_verified": false,
        "line_number": 561
      },
      {
        "type": "Base64 High Entropy String",
        "filename": "demos/live/cassettes/exfiltration.json",
        "hashed_secret": "4a7d6b58ce7db9d5d0396d650c9ad0d41d93651b",
        "is_verified": false,
        "line_number": 668
      },
      {
        "type": "Base64 High Entropy String",
        "filename": "demos/live/cassettes/exfiltration.json",
        "hashed_secret": "6ee400158cbb310db9d47495e64b8cf44ffb3bf9",
        "is_verified": false,
        "line_number": 755
      },
      {
        "type": "Base64 High Entropy String",
        "filename": "demos/live/cassettes/exfiltration.json",
        "hashed_secret": "65dc1206b98ec50cfd25bd9b05b099ff05bf07aa",
        "is_verified": false,
        "line_number": 1169
      }
    ],
    "demos/live/cassettes/langchain_injection.json": [
      {
        "type": "Hex High Entropy String",
        "filename": "demos/live/cassettes/langchain_injection.json",
        "hashed_secret": "3a89cdd0bfa3ae90c2a227a7172edc08c8d88a52",
        "is_verified": false,
        "line_number": 3
      },
      {
        "type": "Base64 High Entropy String",
        "filename": "demos/live/cassettes/langchain_injection.json",
        "hashed_secret": "99c231104840c1f283926d8d848112baf3332fe7",
        "is_verified": false,
        "line_number": 5
      },
      {
        "type": "Base64 High Entropy String",
        "filename": "demos/live/cassettes/langchain_injection.json",
        "hashed_secret": "39bc7b8cd2f98a5ef4cc38b42d6f36aafbe1fd81",
        "is_verified": false,
        "line_number": 20
      },
      {
        "type": "Hex High Entropy String",
        "filename": "demos/live/cassettes/langchain_injection.json",
        "hashed_secret": "e320e7444239497f31b2142fcb93c5b288fd03eb",
        "is_verified": false,
        "line_number": 54
      },
      {
        "type": "Base64 High Entropy String",
        "filename": "demos/live/cassettes/langchain_injection.json",
        "hashed_secret": "b892d0e2ec00e76cf6be0e8182e4c5a20054de75",
        "is_verified": false,
        "line_number": 56
      },
      {
        "type": "Hex High Entropy String",
        "filename": "demos/live/cassettes/langchain_injection.json",
        "hashed_secret": "96b077dffea066ce3625535d7ec7485d8fd1a5b2",
        "is_verified": false,
        "line_number": 96
      },
      {
        "type": "Base64 High Entropy String",
        "filename": "demos/live/cassettes/langchain_injection.json",
        "hashed_secret": "594bda6bf886a8bcba1cd77b44e872540653b5b8",
        "is_verified": false,
        "line_number": 98
      },
      {
        "type": "Hex High Entropy String",
        "filename": "demos/live/cassettes/langchain_injection.json",
        "hashed_secret": "18172ed836560c303ef5c81eb5c822257fce0216",
        "is_verified": false,
        "line_number": 147
      },
      {
        "type": "Base64 High Entropy String",
        "filename": "demos/live/cassettes/langchain_injection.json",
        "hashed_secret": "a0d8647d36e3a618d84947073af0d9f258f97dff",
        "is_verified": false,
        "line_number": 149
      },
      {
        "type": "Base64 High Entropy String",
        "filename": "demos/live/cassettes/langchain_injection.json",
        "hashed_secret": "f4607c58868fd51f44e8e253bd41daf167941b68",
        "is_verified": false,
        "line_number": 191
      },
      {
        "type": "Hex High Entropy String",
        "filename": "demos/live/cassettes/langchain_injection.json",
        "hashed_secret": "d1e713d7d8baff39d462b0454cd6d97b455714f3",
        "is_verified": false,
        "line_number": 240
      },
      {
        "type": "Base64 High Entropy String",
        "filename": "demos/live/cassettes/langchain_injection.json",
        "hashed_secret": "a1c2d546f067ca2f43bbe56dfb19823b61480c5a",
        "is_verified": false,
        "line_number": 242
      },
      {
        "type": "Base64 High Entropy String",
        "filename": "demos/live/cassettes/langchain_injection.json",
        "hashed_secret": "ec21faa65a062864f04e51feaf0af8b270d198fe",
        "is_verified": false,
        "line_number": 284
      },
      {
        "type": "Hex High Entropy String",
        "filename": "demos/live/cassettes/langchain_injection.json",
        "hashed_secret": "2034c9420605a6d417d7be061f20ea9b5f5ee5a1",
        "is_verified": false,
        "line_number": 333
      },
      {
        "type": "Base64 High Entropy String",
        "filename": "demos/live/cassettes/langchain_injection.json",
        "hashed_secret": "15c6cb46d5224748bda6e861b2c32461d8c31969",
        "is_verified": false,
        "line_number": 335
      }
    ],
    "demos/live/cassettes/runaway.json": [
      {
        "type": "Base64 High Entropy String",
        "filename": "demos/live/cassettes/runaway.json",
        "hashed_secret": "ef264acb258988618ac06b2e2e2d2ede63b6eec2",
        "is_verified": false,
        "line_number": 19
      },
      {
        "type": "Base64 High Entropy String",
        "filename": "demos/live/cassettes/runaway.json",
        "hashed_secret": "c32672646102fb014f2db82dc58846bfe86c1e88",
        "is_verified": false,
        "line_number": 27
      },
      {
        "type": "Base64 High Entropy String",
        "filename": "demos/live/cassettes/runaway.json",
        "hashed_secret": "4fc728ce182d7906ceecb392ce0b67f328f1f5e4",
        "is_verified": false,
        "line_number": 35
      },
      {
        "type": "Base64 High Entropy String",
        "filename": "demos/live/cassettes/runaway.json",
        "hashed_secret": "75a601ccb4b5f25b9768d682cbedd11df4d323e4",
        "is_verified": false,
        "line_number": 106
      },
      {
        "type": "Base64 High Entropy String",
        "filename": "demos/live/cassettes/runaway.json",
        "hashed_secret": "eb83b08e5fb348eb054d963ec8a8b93b7c943716",
        "is_verified": false,
        "line_number": 138
      },
      {
        "type": "Base64 High Entropy String",
        "filename": "demos/live/cassettes/runaway.json",
        "hashed_secret": "d63ad0d4906c7b9854f3db95d06ff5b2bbbfa9e0",
        "is_verified": false,
        "line_number": 195
      },
      {
        "type": "Base64 High Entropy String",
        "filename": "demos/live/cassettes/runaway.json",
        "hashed_secret": "0f851c66441c19985ebbbbfa248bc692ffe799fc",
        "is_verified": false,
        "line_number": 258
      },
      {
        "type": "Base64 High Entropy String",
        "filename": "demos/live/cassettes/runaway.json",
        "hashed_secret": "307f3522796281767613e11792cac9667f9bf92c",
        "is_verified": false,
        "line_number": 290
      },
      {
        "type": "Base64 High Entropy String",
        "filename": "demos/live/cassettes/runaway.json",
        "hashed_secret": "96263bc4674d40f4f821d8975b8c590bfb107c73",
        "is_verified": false,
        "line_number": 395
      },
      {
        "type": "Base64 High Entropy String",
        "filename": "demos/live/cassettes/runaway.json",
        "hashed_secret": "7b666faa4dab633c422120253933ded9eb4d134b",
        "is_verified": false,
        "line_number": 411
      },
      {
        "type": "Base64 High Entropy String",
        "filename": "demos/live/cassettes/runaway.json",
        "hashed_secret": "50d0cf0f4b925104d902dc0ad98a7f71e8622a5b",
        "is_verified": false,
        "line_number": 482
      },
      {
        "type": "Base64 High Entropy String",
        "filename": "demos/live/cassettes/runaway.json",
        "hashed_secret": "3203f71a0767358cbdc0dd68f7ed8336bc867087",
        "is_verified": false,
        "line_number": 1042
      },
      {
        "type": "Base64 High Entropy String",
        "filename": "demos/live/cassettes/runaway.json",
        "hashed_secret": "44ccfe93a287d3392468bd2c3fe71f25caa79e21",
        "is_verified": false,
        "line_number": 1618
      },
      {
        "type": "Base64 High Entropy String",
        "filename": "demos/live/cassettes/runaway.json",
        "hashed_secret": "ea0d1197480285b11955b25e34cc71f26bb19702",
        "is_verified": false,
        "line_number": 2178
      },
      {
        "type": "Base64 High Entropy String",
        "filename": "demos/live/cassettes/runaway.json",
        "hashed_secret": "362b8ba42a5bf32e7d03944c3b1282952b75d20d",
        "is_verified": false,
        "line_number": 2738
      },
      {
        "type": "Base64 High Entropy String",
        "filename": "demos/live/cassettes/runaway.json",
        "hashed_secret": "b39b0174daee1e546c1f2fc24fd0b494254d8ff4",
        "is_verified": false,
        "line_number": 3290
      },
      {
        "type": "Base64 High Entropy String",
        "filename": "demos/live/cassettes/runaway.json",
        "hashed_secret": "89d64f72508a0c3c642685708e69c78940059d2e",
        "is_verified": false,
        "line_number": 3850
      },
      {
        "type": "Base64 High Entropy String",
        "filename": "demos/live/cassettes/runaway.json",
        "hashed_secret": "200443ab92041d7c750c9a9774c215b958dcf000",
        "is_verified": false,
        "line_number": 3997
      }
    ],
    "demos/live/cassettes/sox.json": [
      {
        "type": "Base64 High Entropy String",
        "filename": "demos/live/cassettes/sox.json",
        "hashed_secret": "351af62c8300957e529d7628bcfd5ce61ed5126a",
        "is_verified": false,
        "line_number": 38
      },
      {
        "type": "Base64 High Entropy String",
        "filename": "demos/live/cassettes/sox.json",
        "hashed_secret": "653759ba05c61c31d8821cde4acd81cbc22709ad",
        "is_verified": false,
        "line_number": 103
      },
      {
        "type": "Base64 High Entropy String",
        "filename": "demos/live/cassettes/sox.json",
        "hashed_secret": "4ec8e4035087c5329c2243934236acbcaa43ef35",
        "is_verified": false,
        "line_number": 252
      },
      {
        "type": "Base64 High Entropy String",
        "filename": "demos/live/cassettes/sox.json",
        "hashed_secret": "6d38812e439449175e8db8d62f1fe4da9d9ff0f9",
        "is_verified": false,
        "line_number": 401
      },
      {
        "type": "Base64 High Entropy String",
        "filename": "demos/live/cassettes/sox.json",
        "hashed_secret": "9296d1ab2151fb568f1120b84ab1db01b52807b4",
        "is_verified": false,
        "line_number": 690
      },
      {
        "type": "Base64 High Entropy String",
        "filename": "demos/live/cassettes/sox.json",
        "hashed_secret": "62f66b0e5bac38098182d3a57a38c25ad12a4a55",
        "is_verified": false,
        "line_number": 839
      }
    ],
    "docker-compose.yml": [
      {
        "type": "Secret Keyword",
        "filename": "docker-compose.yml",
        "hashed_secret": "5bac78f7447878bb74fd05b0212a5d7c5d259ed7",
        "is_verified": false,
        "line_number": 70
      }
    ],
    "docs/api/authentication.md": [
      {
        "type": "Secret Keyword",
        "filename": "docs/api/authentication.md",
        "hashed_secret": "6c49ebeb3c8d73e0e13ba05fb8d6f7c709858418",
        "is_verified": false,
        "line_number": 30
      },
      {
        "type": "Secret Keyword",
        "filename": "docs/api/authentication.md",
        "hashed_secret": "28991a1f6a189b16e1cc7e6c7a03c84d12d15869",
        "is_verified": false,
        "line_number": 60
      }
    ],
    "docs/concepts/certificates.md": [
      {
        "type": "Hex High Entropy String",
        "filename": "docs/concepts/certificates.md",
        "hashed_secret": "6009c1540792ca6975fdc0298c5aca92b2fa40d3",
        "is_verified": false,
        "line_number": 53
      }
    ],
    "docs/openclaw-defenses.md": [
      {
        "type": "Hex High Entropy String",
        "filename": "docs/openclaw-defenses.md",
        "hashed_secret": "6009c1540792ca6975fdc0298c5aca92b2fa40d3",
        "is_verified": false,
        "line_number": 197
      }
    ],
    "tests/test_api/test_api.py": [
      {
        "type": "Secret Keyword",
        "filename": "tests/test_api/test_api.py",
        "hashed_secret": "aa5256be4608ac09575f760230bb729bd944deef",
        "is_verified": false,
        "line_number": 246
      }
    ],
    "tests/test_api/test_auth.py": [
      {
        "type": "Secret Keyword",
        "filename": "tests/test_api/test_auth.py",
        "hashed_secret": "cbfdac6008f9cab4083784cbd1874f76618d2a97",
        "is_verified": false,
        "line_number": 96
      },
      {
        "type": "Secret Keyword",
        "filename": "tests/test_api/test_auth.py",
        "hashed_secret": "a0f4ea7d91495df92bbac2e2149dfb850fe81396",
        "is_verified": false,
        "line_number": 224
      },
      {
        "type": "Secret Keyword",
        "filename": "tests/test_api/test_auth.py",
        "hashed_secret": "8a29aaf5687129c1d27b90578fc33ecc49d069dc",
        "is_verified": false,
        "line_number": 292
      }
    ],
    "tests/test_cloud/test_executor_service.py": [
      {
        "type": "Secret Keyword",
        "filename": "tests/test_cloud/test_executor_service.py",
        "hashed_secret": "69dba6dfc0be932d10cdbfaae770c300cd7e0e3c",
        "is_verified": false,
        "line_number": 205
      }
    ],
    "tests/test_d1_integration.py": [
      {
        "type": "Secret Keyword",
        "filename": "tests/test_d1_integration.py",
        "hashed_secret": "cbfdac6008f9cab4083784cbd1874f76618d2a97",
        "is_verified": false,
        "line_number": 133
      }
    ],
    "tests/test_flow/test_ifc_enforcer.py": [
      {
        "type": "AWS Access Key",
        "filename": "tests/test_flow/test_ifc_enforcer.py",
        "hashed_secret": "25910f981e85ca04baf359199dd0bd4a3ae738b6",
        "is_verified": false,
        "line_number": 779
      },
      {
        "type": "Secret Keyword",
        "filename": "tests/test_flow/test_ifc_enforcer.py",
        "hashed_secret": "fcf0d7a06aa56babb46f4c41c8ede230d0d255a0",
        "is_verified": false,
        "line_number": 779
      }
    ],
    "tests/test_integration/test_agentic_pipeline.py": [
      {
        "type": "Secret Keyword",
        "filename": "tests/test_integration/test_agentic_pipeline.py",
        "hashed_secret": "69dba6dfc0be932d10cdbfaae770c300cd7e0e3c",
        "is_verified": false,
        "line_number": 205
      }
    ],
    "tests/test_integrations.py": [
      {
        "type": "Basic Auth Credentials",
        "filename": "tests/test_integrations.py",
        "hashed_secret": "5bac78f7447878bb74fd05b0212a5d7c5d259ed7",
        "is_verified": false,
        "line_number": 3
      }
    ],
    "tests/test_llm/test_agentic.py": [
      {
        "type": "Secret Keyword",
        "filename": "tests/test_llm/test_agentic.py",
        "hashed_secret": "a94a8fe5ccb19ba61c4c0873d391e987982fbbd3",
        "is_verified": false,
        "line_number": 108
      }
    ],
    "tests/test_llm/test_multi_provider.py": [
      {
        "type": "Secret Keyword",
        "filename": "tests/test_llm/test_multi_provider.py",
        "hashed_secret": "bb3be8e9392f90cd6fdd90f9ffc3cc40e2d6b670",
        "is_verified": false,
        "line_number": 39
      },
      {
        "type": "Secret Keyword",
        "filename": "tests/test_llm/test_multi_provider.py",
        "hashed_secret": "e5dfbf35f82093b6f7b57b7e4b0288453c0c857e",
        "is_verified": false,
        "line_number": 49
      },
      {
        "type": "Secret Keyword",
        "filename": "tests/test_llm/test_multi_provider.py",
        "hashed_secret": "fe72967536aedcae9b1b1e4eaf2c53494e17a638",
        "is_verified": false,
        "line_number": 80
      }
    ],
    "tests/test_multi_provider.py": [
      {
        "type": "Secret Keyword",
        "filename": "tests/test_multi_provider.py",
        "hashed_secret": "fd9a45bc0b07706d849cf85021ecf9123fa83d82",
        "is_verified": false,
        "line_number": 27
      },
      {
        "type": "Secret Keyword",
        "filename": "tests/test_multi_provider.py",
        "hashed_secret": "65547299f940eca3dc839f3eac85e8a78a6deb05",
        "is_verified": false,
        "line_number": 35
      },
      {
        "type": "Secret Keyword",
        "filename": "tests/test_multi_provider.py",
        "hashed_secret": "bb3be8e9392f90cd6fdd90f9ffc3cc40e2d6b670",
        "is_verified": false,
        "line_number": 50
      },
      {
        "type": "Secret Keyword",
        "filename": "tests/test_multi_provider.py",
        "hashed_secret": "e5dfbf35f82093b6f7b57b7e4b0288453c0c857e",
        "is_verified": false,
        "line_number": 51
      },
      {
        "type": "Secret Keyword",
        "filename": "tests/test_multi_provider.py",
        "hashed_secret": "284410cbb96d13f9217c2f00c7dfb3fb7cbde1d5",
        "is_verified": false,
        "line_number": 311
      },
      {
        "type": "Secret Keyword",
        "filename": "tests/test_multi_provider.py",
        "hashed_secret": "ca1781e4c2bfd0cf5695c44e650db5b1cb6c177c",
        "is_verified": false,
        "line_number": 312
      }
    ],
    "tests/test_safety/test_secrets.py": [
      {
        "type": "Secret Keyword",
        "filename": "tests/test_safety/test_secrets.py",
        "hashed_secret": "27bd1896e4887385e3aee08047e7966594731957",
        "is_verified": false,
        "line_number": 11
      },
      {
        "type": "Secret Keyword",
        "filename": "tests/test_safety/test_secrets.py",
        "hashed_secret": "c267b646441a206d44803d8cb20896c4a166cac2",
        "is_verified": false,
        "line_number": 16
      },
      {
        "type": "Secret Keyword",
        "filename": "tests/test_safety/test_secrets.py",
        "hashed_secret": "65203b821e0a4236840a0e7700ff5eff19a487e6",
        "is_verified": false,
        "line_number": 21
      },
      {
        "type": "Secret Keyword",
        "filename": "tests/test_safety/test_secrets.py",
        "hashed_secret": "e09718150b93ebc2f4e33cba41ff13ec23cd9bd5",
        "is_verified": false,
        "line_number": 26
      }
    ],
    "tests/test_safety/test_tool_io_scanner.py": [
      {
        "type": "AWS Access Key",
        "filename": "tests/test_safety/test_tool_io_scanner.py",
        "hashed_secret": "25910f981e85ca04baf359199dd0bd4a3ae738b6",
        "is_verified": false,
        "line_number": 175
      }
    ],
    "tests/test_verification_graph/test_cli.py": [
      {
        "type": "Basic Auth Credentials",
        "filename": "tests/test_verification_graph/test_cli.py",
        "hashed_secret": "5bac78f7447878bb74fd05b0212a5d7c5d259ed7",
        "is_verified": false,
        "line_number": 16
      },
      {
        "type": "Hex High Entropy String",
        "filename": "tests/test_verification_graph/test_cli.py",
        "hashed_secret": "d5662d7353c6257f68cab2a3b0f758cc79b1ac5e",
        "is_verified": false,
        "line_number": 58
      }
    ]
  },
  "generated_at": "2026-06-12T20:36:18Z"
}
